OPENCL_1.0 {
global:
    clBuildProgram;
    clCreateBuffer;
    clCreateCommandQueue;
    clCreateContext;
    clCreateContextFromType;
    clCreateFromD3D10Buffer;
    clCreateFromGLBuffer;
    clCreateFromGLRenderbuffer;
    clCreateFromGLTexture2D;
    clCreateFromGLTexture3D;
    clCreateImage2D;
    clCreateImage3D;
    clCreateImageFromD3D10Resource;
    clCreateKernel;
    clCreateKernelsInProgram;
    clCreateProgramWithBinary;
    clCreateProgramWithSource;
    clCreateSampler;
    clEnqueueAcquireExternalObjects;
    clEnqueueAcquireGLObjects;
    clEnqueueBarrier;
    clEnqueueCopyBuffer;
    clEnqueueCopyBufferToImage;
    clEnqueueCopyImage;
    clEnqueueCopyImageToBuffer;
    clEnqueueMapBuffer;
    clEnqueueMapImage;
    clEnqueueMarker;
    clEnqueueNDRangeKernel;
    clEnqueueNativeKernel;
    clEnqueueReadBuffer;
    clEnqueueReadImage;
    clEnqueueReleaseExternalObjects;
    clEnqueueReleaseGLObjects;
    clEnqueueTask;
    clEnqueueUnmapMemObject;
    clEnqueueWaitForEvents;
    clEnqueueWriteBuffer;
    clEnqueueWriteImage;
    clFinish;
    clFlush;
    clGetCommandQueueInfo;
    clGetContextInfo;
    clGetDeviceIDs;
    clGetDeviceInfo;
    clGetEventInfo;
    clGetEventProfilingInfo;
    clGetExtensionFunctionAddress;
    clGetGLObjectInfo;
    clGetGLTextureInfo;
    clGetImageInfo;
    clGetKernelInfo;
    clGetKernelWorkGroupInfo;
    clGetMemObjectInfo;
    clGetPlatformIDs;
    clGetPlatformInfo;
    clGetProgramBuildInfo;
    clGetProgramInfo;
    clGetSamplerInfo;
    clGetSupportedImageFormats;
    clReleaseCommandQueue;
    clReleaseContext;
    clReleaseEvent;
    clReleaseKernel;
    clReleaseMemObject;
    clReleaseProgram;
    clReleaseSampler;
    clRetainCommandQueue;
    clRetainContext;
    clRetainEvent;
    clRetainKernel;
    clRetainMemObject;
    clRetainProgram;
    clRetainSampler;
    clSetCommandQueueProperty;
    clSetKernelArg;
    clUnloadCompiler;
    clWaitForEvents;
    clIcdGetPlatformIDsKHR;
local:
    *;
};


OPENCL_1.1 {
global:
    clCreateUserEvent;
    clSetUserEventStatus;
    clSetEventCallback;
    clSetMemObjectDestructorCallback;
    clCreateSubBuffer;
    clEnqueueReadBufferRect;
    clEnqueueWriteBufferRect;
    clEnqueueCopyBufferRect;

    aclGetTargetInfo;
    aclCompilerInit;
    aclCompilerFini;
    aclReadFromMem;
    aclReadFromFile;
    aclBinaryInit;
    aclBinaryFini;
    aclWriteToMem;
    aclInsertSection;
    aclExtractSection;
    aclRemoveSection;
    aclQueryInfo;
    aclDbgAddArgument;
    aclExtractSymbol;
    aclInsertSymbol;
    aclRemoveSymbol;
    aclCompile;
    aclInsertKernelStatistics;
    aclDisassemble;
} OPENCL_1.0;

OPENCL_1.2 {
global:
    clCompileProgram;
    clCreateFromGLTexture;
    clCreateImage;
    clCreateProgramWithBuiltInKernels;
    clCreateSubDevices;
    clEnqueueBarrierWithWaitList;
    clEnqueueFillBuffer;
    clEnqueueFillImage;
    clEnqueueMarkerWithWaitList;
    clEnqueueMigrateMemObjects;
    clGetExtensionFunctionAddressForPlatform;
    clGetKernelArgInfo;
    clLinkProgram;
    clReleaseDevice;
    clRetainDevice;
    clUnloadPlatformCompiler;
} OPENCL_1.1;

OPENCL_2.0 {
global:
    clCreateCommandQueueWithProperties;
    clCreateSamplerWithProperties;
    clCreatePipe;
    clGetPipeInfo;
    clSVMAlloc;
    clSVMFree;
    clSetKernelArgSVMPointer;
    clSetKernelExecInfo;
    clEnqueueSVMFree;
    clEnqueueSVMMemcpy;
    clEnqueueSVMMemFill;
    clEnqueueSVMMap;
    clEnqueueSVMUnmap;
} OPENCL_1.2;

OPENCL_2.1 {
global:
    clCloneKernel;
    clCreateProgramWithIL;
    clEnqueueSVMMigrateMem;
    clGetDeviceAndHostTimer;
    clGetHostTimer;
    clGetKernelSubGroupInfo;
    clSetDefaultDeviceCommandQueue;
} OPENCL_2.0;

hip_4.2 {
global:
    hipCtxCreate;
    hipCtxDestroy;
    hipCtxGetCurrent;
    hipCtxPopCurrent;
    hipCtxPushCurrent;
    hipCtxSetCurrent;
    hipCtxEnablePeerAccess;
    hipCtxDisablePeerAccess;
    hipChooseDevice;
    hipDriverGetVersion;
    hipDeviceGetCacheConfig;
    hipDeviceGetLimit;
    hipDeviceGetSharedMemConfig;
    hipDeviceSetCacheConfig;
    hipDeviceSetLimit;
    hipDeviceSetSharedMemConfig;
    hipDeviceGet;
    hipDeviceGetAttribute;
    hipDeviceTotalMem;
    hipDeviceGetByPCIBusId;
    hipDeviceGetPCIBusId;
    hipDeviceGetP2PAttribute;
    hipDeviceCanAccessPeer;
    hipDeviceDisablePeerAccess;
    hipDeviceEnablePeerAccess;
    hipDeviceReset;
    hipDeviceSynchronize;
    hipSetDevice;
    hipGetDevice;
    hipGetDeviceCount;
    hipGetDeviceProperties;
    hipGetDeviceFlags;
    hipSetDeviceFlags;
    hipSetValidDevices;
    hipGetErrorName;
    hipGetErrorString;
    hipGetLastError;
    hipPeekAtLastError;

    hipInit;
    hipMalloc;
    hipMallocManaged;
    hipExtMallocWithFlags;
    hipHostMalloc;
    hipMemAdvise;
    hipMemset;
    hipMemsetAsync;
    hipFree;
    hipHostFree;
    hipFreeArray;
    hipMemGetAddressRange;
    hipMemGetInfo;
    hipPointerGetAttributes;
    hipMallocHost;
    hipFreeHost;
    hipMallocPitch;
    hipMalloc3D;
    hipArrayCreate;
    hipMallocArray;
    hipArrayDestroy;
    hipArray3DCreate;
    hipMalloc3DArray;
    hipHostGetFlags;
    hipHostRegister;
    hipHostUnregister;
    hipHostAlloc;
    hipHostGetDevicePointer;
    hipMemcpy;
    hipMemcpyAsync;
    hipMemcpyWithStream;
    hipMemcpyToSymbol;
    hipMemcpyFromSymbol;
    hipMemcpyToSymbolAsync;
    hipMemcpyFromSymbolAsync;
    hipMemcpyParam2D;
    hipMemcpy2D;
    hipMemcpy2DAsync;
    hipMemcpy2DToArray;
    hipMemcpyToArray;
    hipMemcpyFromArray;
    hipMemcpy3D;
    hipMemcpy3DAsync;
    hipMemcpyPeer;
    hipMemcpyPeerAsync;
    hipMemGetInfo;
    hipMemPtrGetInfo;
    hipMemPrefetchAsync;
    hipMemRangeGetAttribute;
    hipMemRangeGetAttributes;

    hipStreamCreate;
    hipStreamCreateWithFlags;
    hipExtStreamCreateWithCUMask;
    hipStreamDestroy;
    hipStreamQuery;
    hipStreamSynchronize;
    hipStreamWaitEvent;
    hipStreamAttachMemAsync;

    __hipPopCallConfiguration;
    __hipPushCallConfiguration;
    __hipRegisterFatBinary;
    __hipRegisterFunction;
    __hipRegisterVar;
    __hipRegisterSurface;
    __hipRegisterTexture;
    __hipRegisterManagedVar;
    __hipUnregisterFatBinary;
    hipFuncSetAttribute;
    hipFuncSetCacheConfig;
    hipFuncSetSharedMemConfig;
    hipGetSymbolAddress;
    hipGetSymbolSize;
    hipModuleGetFunction;
    hipModuleGetGlobal;
    hipModuleGetTexRef;
    hipModuleLaunchKernel;
    hipModuleLaunchKernelExt;
    hipLaunchCooperativeKernel;
    hipLaunchCooperativeKernelMultiDevice;
    hipModuleLoad;
    hipModuleLoadData;
    hipModuleLoadDataEx;
    hipModuleUnload;
    hipModuleOccupancyMaxPotentialBlockSize;
    hipModuleOccupancyMaxPotentialBlockSizeWithFlags;
    hipModuleOccupancyMaxActiveBlocksPerMultiprocessor;
    hipModuleOccupancyMaxActiveBlocksPerMultiprocessorWithFlags;
    hipOccupancyMaxPotentialBlockSize;
    hipOccupancyMaxActiveBlocksPerMultiprocessor;
    hipOccupancyMaxActiveBlocksPerMultiprocessorWithFlags;
    hipFuncGetAttribute;
    hipFuncGetAttributes;
    hipConfigureCall;
    hipSetupArgument;
    hipLaunchByPtr;
    hipLaunchKernel;

    hipEventCreate;
    hipEventCreateWithFlags;
    hipEventDestroy;
    hipEventElapsedTime;
    hipEventQuery;
    hipEventRecord;
    hipEventSynchronize;
    hipExtLaunchMultiKernelMultiDevice;
    hipExtLaunchKernel;
    hipExtGetLinkTypeAndHopCount;

    hipImportExternalMemory;
    hipExternalMemoryGetMappedBuffer;
    hipDestroyExternalMemory;
    hipImportExternalSemaphore;
    hipSignalExternalSemaphoresAsync;
    hipWaitExternalSemaphoresAsync;
    hipDestroyExternalSemaphore;

    hipIpcOpenMemHandle;
    hipIpcCloseMemHandle;
    hipIpcGetMemHandle;
    __hipGetPCH;

    __gnu_h2f_ieee;
    __gnu_f2h_ieee;

    extern "C++" {
    hipHccModuleLaunchKernel*;
    hipExtModuleLaunchKernel*;
    };
local:
    *;
};

hip_4.3 {
} hip_4.2;

hip_4.4 {
} hip_4.3;

hip_4.5 {
} hip_4.4;

hip_5.0 {
global:
    hipPointerGetAttribute;
    hipDrvPointerGetAttributes;
local:
    *;
} hip_4.5;
